
--------------- INPUT DATA ---------------
#variables                      15
#equations                       1
#invalid equations               0
field characteristic             5
homogeneous input?               1
signature-based computation      0
monomial order                 DRL
basis hash table resetting     OFF
linear algebra option            2
initial hash table size     131072 (2^17)
max pair selection             250
reduce gb                        1
#threads                         8
info level                       2
generate pbm files               0
------------------------------------------
loaded 15845 basis rows; 19290 standards; 2403 missing products
batch 0..64 starting
    2774 x 12512      10.55%       64 new       0 zero         0.21 | 0.22         
------------------------------------------------------------------------------------------------------
checkpoint 64/2403 saved
batch 64..128 starting
    4041 x 13931      18.86%       64 new       0 zero         0.30 | 0.39         
------------------------------------------------------------------------------------------------------
checkpoint 128/2403 saved
batch 128..192 starting
    4594 x 14731      18.47%       64 new       0 zero         0.34 | 0.47         
------------------------------------------------------------------------------------------------------
checkpoint 192/2403 saved
batch 192..256 starting
    4092 x 13982      18.68%       64 new       0 zero         0.31 | 0.43         
------------------------------------------------------------------------------------------------------
checkpoint 256/2403 saved
batch 256..320 starting
    6199 x 16566      14.45%       64 new       0 zero         0.39 | 0.54         
------------------------------------------------------------------------------------------------------
checkpoint 320/2403 saved
batch 320..384 starting
    7696 x 18338      12.95%       64 new       0 zero         0.43 | 0.61         
------------------------------------------------------------------------------------------------------
checkpoint 384/2403 saved
batch 384..448 starting
   10583 x 21939       8.61%       64 new       0 zero         0.48 | 0.71         
------------------------------------------------------------------------------------------------------
checkpoint 448/2403 saved
batch 448..512 starting
   11307 x 25459       8.26%       64 new       0 zero         0.61 | 0.93         
------------------------------------------------------------------------------------------------------
checkpoint 512/2403 saved
batch 512..576 starting
   28070 x 45723      10.48%       64 new       0 zero         2.45 | 3.77         
------------------------------------------------------------------------------------------------------
checkpoint 576/2403 saved
batch 576..640 starting
   28433 x 46086      10.31%       64 new       0 zero         2.80 | 5.42         
------------------------------------------------------------------------------------------------------
checkpoint 640/2403 saved
batch 640..704 starting
   29797 x 47476      10.01%       64 new       0 zero         2.96 | 5.69         
------------------------------------------------------------------------------------------------------
checkpoint 704/2403 saved
batch 704..768 starting
   32251 x 49934       9.66%       64 new       0 zero         3.19 | 5.96         
------------------------------------------------------------------------------------------------------
checkpoint 768/2403 saved
batch 768..832 starting
   34798 x 52532       9.01%       64 new       0 zero         3.35 | 6.47         
------------------------------------------------------------------------------------------------------
checkpoint 832/2403 saved
batch 832..896 starting
   35664 x 53398       8.76%       64 new       0 zero         3.30 | 6.24         
------------------------------------------------------------------------------------------------------
checkpoint 896/2403 saved
batch 896..960 starting
   34590 x 52277       8.95%       64 new       0 zero         3.27 | 6.23         
------------------------------------------------------------------------------------------------------
checkpoint 960/2403 saved
batch 960..1024 starting
   34502 x 52189       8.99%       64 new       0 zero         3.29 | 6.37         
------------------------------------------------------------------------------------------------------
checkpoint 1024/2403 saved
batch 1024..1088 starting
   39875 x 57754       7.40%       64 new       0 zero         3.14 | 6.24         
------------------------------------------------------------------------------------------------------
checkpoint 1088/2403 saved
batch 1088..1152 starting
   42554 x 60512       6.68%       64 new       0 zero         3.29 | 6.21         
------------------------------------------------------------------------------------------------------
checkpoint 1152/2403 saved
batch 1152..1216 starting
   28185 x 45866      10.57%       64 new       0 zero         2.63 | 5.08         
------------------------------------------------------------------------------------------------------
checkpoint 1216/2403 saved
batch 1216..1280 starting
   36785 x 54542       8.36%       64 new       0 zero         3.19 | 5.78         
------------------------------------------------------------------------------------------------------
checkpoint 1280/2403 saved
batch 1280..1344 starting
   39823 x 57683       7.46%       64 new       0 zero         3.34 | 6.05         
------------------------------------------------------------------------------------------------------
checkpoint 1344/2403 saved
batch 1344..1408 starting
   44845 x 63957       6.18%       64 new       0 zero         3.34 | 6.25         
------------------------------------------------------------------------------------------------------
checkpoint 1408/2403 saved
batch 1408..1472 starting
   48698 x 67824       5.56%       64 new       0 zero         3.37 | 6.40         
------------------------------------------------------------------------------------------------------
checkpoint 1472/2403 saved
batch 1472..1536 starting
   50316 x 69449       5.40%       64 new       0 zero         3.56 | 6.92         
------------------------------------------------------------------------------------------------------
checkpoint 1536/2403 saved
batch 1536..1600 starting
   55450 x 74611       4.74%       64 new       0 zero         3.60 | 6.90         
------------------------------------------------------------------------------------------------------
checkpoint 1600/2403 saved
batch 1600..1664 starting
   58653 x 77824       4.45%       64 new       0 zero         3.75 | 7.18         
------------------------------------------------------------------------------------------------------
checkpoint 1664/2403 saved
batch 1664..1728 starting
   61628 x 80822       4.81%       64 new       0 zero         4.45 | 8.36         
------------------------------------------------------------------------------------------------------
checkpoint 1728/2403 saved
batch 1728..1792 starting
   66378 x 85578       4.47%       64 new       0 zero         4.87 | 9.92         
------------------------------------------------------------------------------------------------------
checkpoint 1792/2403 saved
batch 1792..1856 starting
   71660 x 90866       4.71%       64 new       0 zero         5.55 | 10.75        
------------------------------------------------------------------------------------------------------
checkpoint 1856/2403 saved
batch 1856..1920 starting
  129262 x 148480      3.41%       64 new       0 zero        12.12 | 27.02        
------------------------------------------------------------------------------------------------------
checkpoint 1920/2403 saved
batch 1920..1984 starting
  132317 x 151535      3.30%       64 new       0 zero        13.33 | 30.64        
------------------------------------------------------------------------------------------------------
checkpoint 1984/2403 saved
batch 1984..2048 starting
  138208 x 157426      3.16%       64 new       0 zero        14.46 | 32.22        
------------------------------------------------------------------------------------------------------
checkpoint 2048/2403 saved
batch 2048..2112 starting
  145692 x 164910      2.95%       64 new       0 zero        14.44 | 31.41        
------------------------------------------------------------------------------------------------------
checkpoint 2112/2403 saved
batch 2112..2176 starting
  141514 x 160732      3.06%       64 new       0 zero        13.78 | 30.90        
------------------------------------------------------------------------------------------------------
checkpoint 2176/2403 saved
batch 2176..2240 starting
  144213 x 163434      2.98%       64 new       0 zero        13.29 | 28.89        
------------------------------------------------------------------------------------------------------
checkpoint 2240/2403 saved
batch 2240..2304 starting
  153014 x 172235      2.70%       64 new       0 zero        13.16 | 27.86        
------------------------------------------------------------------------------------------------------
checkpoint 2304/2403 saved
batch 2304..2368 starting
  160181 x 179403      2.50%       64 new       0 zero        13.78 | 29.17        
------------------------------------------------------------------------------------------------------
checkpoint 2368/2403 saved
batch 2368..2403 starting
  413568 x 432823      0.99%       35 new       0 zero        38.98 | 67.94        
------------------------------------------------------------------------------------------------------
checkpoint 2403/2403 saved
